gap> RequirePackage("guava");
gap> CyclotomicCosets(2,3); Length(last);
[ [ 0 ], [ 1, 2 ] ]
2
gap> CyclotomicCosets(4,3); Length(last);
[ [ 0 ], [ 1 ], [ 2 ] ]
3
gap> CyclotomicCosets(5,3); Length(last);
[ [ 0 ], [ 1, 2 ] ]
2
gap> CyclotomicCosets(7,3); Length(last);
[ [ 0 ], [ 1 ], [ 2 ] ]
3
gap> CyclotomicCosets(8,3); Length(last);
[ [ 0 ], [ 1, 2 ] ]
2
gap> CyclotomicCosets(3,4); Length(last);
[ [ 0 ], [ 1, 3 ], [ 2 ] ]
3
gap> CyclotomicCosets(5,4); Length(last);
[ [ 0 ], [ 1 ], [ 2 ], [ 3 ] ]
4
gap> CyclotomicCosets(7,4); Length(last);
[ [ 0 ], [ 1, 3 ], [ 2 ] ]
3
gap> CyclotomicCosets(2,5); Length(last);
[ [ 0 ], [ 1, 2, 4, 3 ] ]
2
gap> CyclotomicCosets(3,5); Length(last);
[ [ 0 ], [ 1, 3, 4, 2 ] ]
2
gap> CyclotomicCosets(4,5); Length(last);
[ [ 0 ], [ 1, 4 ], [ 2, 3 ] ]
3
gap> CyclotomicCosets(6,5); Length(last);
[ [ 0 ], [ 1 ], [ 2 ], [ 3 ], [ 4 ] ]
5
gap> CyclotomicCosets(5,6); Length(last);
[ [ 0 ], [ 1, 5 ], [ 2, 4 ], [ 3 ] ]
4
gap> CyclotomicCosets(2,7); Length(last);
[ [ 0 ], [ 1, 2, 4 ], [ 3, 6, 5 ] ]
3
gap> CyclotomicCosets(3,7); Length(last);
[ [ 0 ], [ 1, 3, 2, 6, 4, 5 ] ]
2
gap> CyclotomicCosets(4,7); Length(last);
[ [ 0 ], [ 1, 4, 2 ], [ 3, 5, 6 ] ]
3
gap> CyclotomicCosets(5,7); Length(last);
[ [ 0 ], [ 1, 5, 4, 6, 2, 3 ] ]
2
gap> CyclotomicCosets(6,7); Length(last);
[ [ 0 ], [ 1, 6 ], [ 2, 5 ], [ 3, 4 ] ]
4
gap> CyclotomicCosets(3,8); Length(last);
[ [ 0 ], [ 1, 3 ], [ 2, 6 ], [ 4 ], [ 5, 7 ] ]
5
gap> CyclotomicCosets(5,8); Length(last);
[ [ 0 ], [ 1, 5 ], [ 2 ], [ 3, 7 ], [ 4 ], [ 6 ] ]
6
gap> CyclotomicCosets(7,8); Length(last);
[ [ 0 ], [ 1, 7 ], [ 2, 6 ], [ 3, 5 ], [ 4 ] ]
5
gap> CyclotomicCosets(2,9); Length(last);
[ [ 0 ], [ 1, 2, 4, 8, 7, 5 ], [ 3, 6 ] ]
3
gap> CyclotomicCosets(4,9); Length(last);
[ [ 0 ], [ 1, 4, 7 ], [ 2, 8, 5 ], [ 3 ], [ 6 ] ]
5
gap> CyclotomicCosets(5,9); Length(last);
[ [ 0 ], [ 1, 5, 7, 8, 4, 2 ], [ 3, 6 ] ]
3
gap> CyclotomicCosets(3,10); Length(last);
[ [ 0 ], [ 1, 3, 9, 7 ], [ 2, 6, 8, 4 ], [ 5 ] ]
4
gap> CyclotomicCosets(,11); Length(last);
Syntax error: expression expected
CyclotomicCosets(,11); Length(last);
                 ^
Error, no method found! For debugging hints type ?Recovery from NoMethodFound
Error, no 1st choice method found for `LENGTH' on 1 arguments called from
<function>( <arguments> ) called from read-eval-loop
Entering break read-eval-print loop ...
you can 'quit;' to quit to outer loop, or
you can 'return;' to continue
brk> gap> CyclotomicCosets(2,11); Length(last);
[ [ 0 ], [ 1, 2, 4, 8, 5, 10, 9, 7, 3, 6 ] ]
2
gap> CyclotomicCosets(3,11); Length(last);
[ [ 0 ], [ 1, 3, 9, 5, 4 ], [ 2, 6, 7, 10, 8 ] ]
3
gap> CyclotomicCosets(4,11); Length(last);
[ [ 0 ], [ 1, 4, 5, 9, 3 ], [ 2, 8, 10, 7, 6 ] ]
3
gap> CyclotomicCosets(5,11); Length(last);
[ [ 0 ], [ 1, 5, 3, 4, 9 ], [ 2, 10, 6, 8, 7 ] ]
3
gap> CyclotomicCosets(6,11); Length(last);
[ [ 0 ], [ 1, 6, 3, 7, 9, 10, 5, 8, 4, 2 ] ]
2
gap> CyclotomicCosets(5,12); Length(last);
[ [ 0 ], [ 1, 5 ], [ 2, 10 ], [ 3 ], [ 4, 8 ], [ 6 ], [ 7, 11 ], [ 9 ] ]
8
gap> CyclotomicCosets(2,13); Length(last);
[ [ 0 ], [ 1, 2, 4, 8, 3, 6, 12, 11, 9, 5, 10, 7 ] ]
2
gap> CyclotomicCosets(3,13); Length(last);
[ [ 0 ], [ 1, 3, 9 ], [ 2, 6, 5 ], [ 4, 12, 10 ], [ 7, 8, 11 ] ]
5
gap> CyclotomicCosets(4,13); Length(last);
[ [ 0 ], [ 1, 4, 3, 12, 9, 10 ], [ 2, 8, 6, 11, 5, 7 ] ]
3
gap> CyclotomicCosets(5,13); Length(last);
[ [ 0 ], [ 1, 5, 12, 8 ], [ 2, 10, 11, 3 ], [ 4, 7, 9, 6 ] ]
4
gap> CyclotomicCosets(3,14); Length(last);
[ [ 0 ], [ 1, 3, 9, 13, 11, 5 ], [ 2, 6, 4, 12, 8, 10 ], [ 7 ] ]
4
gap> CyclotomicCosets(5,14); Length(last);
[ [ 0 ], [ 1, 5, 11, 13, 9, 3 ], [ 2, 10, 8, 12, 4, 6 ], [ 7 ] ]
4
gap> CyclotomicCosets(2,15); Length(last);
[ [ 0 ], [ 1, 2, 4, 8 ], [ 3, 6, 12, 9 ], [ 5, 10 ], [ 7, 14, 13, 11 ] ]
5
gap> CyclotomicCosets(4,15); Length(last);
[ [ 0 ], [ 1, 4 ], [ 2, 8 ], [ 3, 12 ], [ 5 ], [ 6, 9 ], [ 7, 13 ], [ 10 ], 
  [ 11, 14 ] ]
9
gap> CyclotomicCosets(3,16); Length(last);
[ [ 0 ], [ 1, 3, 9, 11 ], [ 2, 6 ], [ 4, 12 ], [ 5, 15, 13, 7 ], [ 8 ], 
  [ 10, 14 ] ]
7
gap> CyclotomicCosets(5,16); Length(last);
[ [ 0 ], [ 1, 5, 9, 13 ], [ 2, 10 ], [ 3, 15, 11, 7 ], [ 4 ], [ 6, 14 ], 
  [ 8 ], [ 12 ] ]
8
gap> CyclotomicCosets(2,17); Length(last);
[ [ 0 ], [ 1, 2, 4, 8, 16, 15, 13, 9 ], [ 3, 6, 12, 7, 14, 11, 5, 10 ] ]
3
gap> CyclotomicCosets(3,17); Length(last);
[ [ 0 ], [ 1, 3, 9, 10, 13, 5, 15, 11, 16, 14, 8, 7, 4, 12, 2, 6 ] ]
2
gap> CyclotomicCosets(4,17); Length(last);
[ [ 0 ], [ 1, 4, 16, 13 ], [ 2, 8, 15, 9 ], [ 3, 12, 14, 5 ], 
  [ 6, 7, 11, 10 ] ]
5
gap> CyclotomicCosets(5,17); Length(last);
[ [ 0 ], [ 1, 5, 8, 6, 13, 14, 2, 10, 16, 12, 9, 11, 4, 3, 15, 7 ] ]
2
gap> CyclotomicCosets(6,17); Length(last);
[ [ 0 ], [ 1, 6, 2, 12, 4, 7, 8, 14, 16, 11, 15, 5, 13, 10, 9, 3 ] ]
2
gap> CyclotomicCosets(5,18); Length(last);
[ [ 0 ], [ 1, 5, 7, 17, 13, 11 ], [ 2, 10, 14, 16, 8, 4 ], [ 3, 15 ], 
  [ 6, 12 ], [ 9 ] ]
6
gap> CyclotomicCosets(2,19); Length(last);
[ [ 0 ], [ 1, 2, 4, 8, 16, 13, 7, 14, 9, 18, 17, 15, 11, 3, 6, 12, 5, 10 ] ]
2
gap> CyclotomicCosets(3,19); Length(last);
[ [ 0 ], [ 1, 3, 9, 8, 5, 15, 7, 2, 6, 18, 16, 10, 11, 14, 4, 12, 17, 13 ] ]
2
gap> CyclotomicCosets(4,19); Length(last);
[ [ 0 ], [ 1, 4, 16, 7, 9, 17, 11, 6, 5 ], 
  [ 2, 8, 13, 14, 18, 15, 3, 12, 10 ] ]
3
gap> CyclotomicCosets(5,19); Length(last);
[ [ 0 ], [ 1, 5, 6, 11, 17, 9, 7, 16, 4 ], 
  [ 2, 10, 12, 3, 15, 18, 14, 13, 8 ] ]
3
gap> CyclotomicCosets(6,19); Length(last);
[ [ 0 ], [ 1, 6, 17, 7, 4, 5, 11, 9, 16 ], 
  [ 2, 12, 15, 14, 8, 10, 3, 18, 13 ] ]
3
gap> CyclotomicCosets(3,20); Length(last);
[ [ 0 ], [ 1, 3, 9, 7 ], [ 2, 6, 18, 14 ], [ 4, 12, 16, 8 ], [ 5, 15 ], 
  [ 10 ], [ 11, 13, 19, 17 ] ]
7
gap> CyclotomicCosets(2,21); Length(last);
[ [ 0 ], [ 1, 2, 4, 8, 16, 11 ], [ 3, 6, 12 ], [ 5, 10, 20, 19, 17, 13 ], 
  [ 7, 14 ], [ 9, 18, 15 ] ]
6
gap> CyclotomicCosets(4,21); Length(last);
[ [ 0 ], [ 1, 4, 16 ], [ 2, 8, 11 ], [ 3, 12, 6 ], [ 5, 20, 17 ], [ 7 ], 
  [ 9, 15, 18 ], [ 10, 19, 13 ], [ 14 ] ]
9
gap> CyclotomicCosets(5,21); Length(last);
[ [ 0 ], [ 1, 5, 4, 20, 16, 17 ], [ 2, 10, 8, 19, 11, 13 ], 
  [ 3, 15, 12, 18, 6, 9 ], [ 7, 14 ] ]
5
gap> CyclotomicCosets(3,22); Length(last);
[ [ 0 ], [ 1, 3, 9, 5, 15 ], [ 2, 6, 18, 10, 8 ], [ 4, 12, 14, 20, 16 ], 
  [ 7, 21, 19, 13, 17 ], [ 11 ] ]
6
gap> CyclotomicCosets(5,22); Length(last);
[ [ 0 ], [ 1, 5, 3, 15, 9 ], [ 2, 10, 6, 8, 18 ], [ 4, 20, 12, 16, 14 ], 
  [ 7, 13, 21, 17, 19 ], [ 11 ] ]
6
gap> CyclotomicCosets(7,22); Length(last);
[ [ 0 ], [ 1, 7, 5, 13, 3, 21, 15, 17, 9, 19 ], 
  [ 2, 14, 10, 4, 6, 20, 8, 12, 18, 16 ], [ 11 ] ]
4
gap> CyclotomicCosets(2,23); Length(last);
[ [ 0 ], [ 1, 2, 4, 8, 16, 9, 18, 13, 3, 6, 12 ], 
  [ 5, 10, 20, 17, 11, 22, 21, 19, 15, 7, 14 ] ]
3
gap> CyclotomicCosets(3,23); Length(last);
[ [ 0 ], [ 1, 3, 9, 4, 12, 13, 16, 2, 6, 18, 8 ], 
  [ 5, 15, 22, 20, 14, 19, 11, 10, 7, 21, 17 ] ]
3
gap> CyclotomicCosets(4,23); Length(last);
[ [ 0 ], [ 1, 4, 16, 18, 3, 12, 2, 8, 9, 13, 6 ], 
  [ 5, 20, 11, 21, 15, 14, 10, 17, 22, 19, 7 ] ]
3
gap> CyclotomicCosets(5,23); Length(last);
[ [ 0 ], [ 1, 5, 2, 10, 4, 20, 8, 17, 16, 11, 9, 22, 18, 21, 13, 19, 3, 15, 
      6, 7, 12, 14 ] ]
2
gap> CyclotomicCosets(5,24); Length(last);
[ [ 0 ], [ 1, 5 ], [ 2, 10 ], [ 3, 15 ], [ 4, 20 ], [ 6 ], [ 7, 11 ], 
  [ 8, 16 ], [ 9, 21 ], [ 12 ], [ 13, 17 ], [ 14, 22 ], [ 18 ], [ 19, 23 ] ]
14
gap> CyclotomicCosets(2,25); Length(last);
[ [ 0 ], [ 1, 2, 4, 8, 16, 7, 14, 3, 6, 12, 24, 23, 21, 17, 9, 18, 11, 22, 
      19, 13 ], [ 5, 10, 20, 15 ] ]
3
gap> CyclotomicCosets(3,25); Length(last);
[ [ 0 ], [ 1, 3, 9, 2, 6, 18, 4, 12, 11, 8, 24, 22, 16, 23, 19, 7, 21, 13, 
      14, 17 ], [ 5, 15, 20, 10 ] ]
3
gap> CyclotomicCosets(4,25); Length(last);
[ [ 0 ], [ 1, 4, 16, 14, 6, 24, 21, 9, 11, 19 ], 
  [ 2, 8, 7, 3, 12, 23, 17, 18, 22, 13 ], [ 5, 20 ], [ 10, 15 ] ]
5
gap> CyclotomicCosets(3,26); Length(last);
[ [ 0 ], [ 1, 3, 9 ], [ 2, 6, 18 ], [ 4, 12, 10 ], [ 5, 15, 19 ], 
  [ 7, 21, 11 ], [ 8, 24, 20 ], [ 13 ], [ 14, 16, 22 ], [ 17, 25, 23 ] ]
10
gap> CyclotomicCosets(5,26); Length(last);
[ [ 0 ], [ 1, 5, 25, 21 ], [ 2, 10, 24, 16 ], [ 3, 15, 23, 11 ], 
  [ 4, 20, 22, 6 ], [ 7, 9, 19, 17 ], [ 8, 14, 18, 12 ], [ 13 ] ]
8
gap> CyclotomicCosets(7,26); Length(last);
[ [ 0 ], [ 1, 7, 23, 5, 9, 11, 25, 19, 3, 21, 17, 15 ], 
  [ 2, 14, 20, 10, 18, 22, 24, 12, 6, 16, 8, 4 ], [ 13 ] ]
4
gap> CyclotomicCosets(2,27); Length(last);
[ [ 0 ], [ 1, 2, 4, 8, 16, 5, 10, 20, 13, 26, 25, 23, 19, 11, 22, 17, 7, 14 ],
  [ 3, 6, 12, 24, 21, 15 ], [ 9, 18 ] ]
4
gap> CyclotomicCosets(4,27); Length(last);
[ [ 0 ], [ 1, 4, 16, 10, 13, 25, 19, 22, 7 ], 
  [ 2, 8, 5, 20, 26, 23, 11, 17, 14 ], [ 3, 12, 21 ], [ 6, 24, 15 ], [ 9 ], 
  [ 18 ] ]
7
gap> CyclotomicCosets(5,27); Length(last);
[ [ 0 ], [ 1, 5, 25, 17, 4, 20, 19, 14, 16, 26, 22, 2, 10, 23, 7, 8, 13, 11 ],
  [ 3, 15, 21, 24, 12, 6 ], [ 9, 18 ] ]
4
gap> CyclotomicCosets(7,27); Length(last);
[ [ 0 ], [ 1, 7, 22, 19, 25, 13, 10, 16, 4 ], 
  [ 2, 14, 17, 11, 23, 26, 20, 5, 8 ], [ 3, 21, 12 ], [ 6, 15, 24 ], [ 9 ], 
  [ 18 ] ]
7
gap> CyclotomicCosets(3,28); Length(last);
[ [ 0 ], [ 1, 3, 9, 27, 25, 19 ], [ 2, 6, 18, 26, 22, 10 ], 
  [ 4, 12, 8, 24, 16, 20 ], [ 5, 15, 17, 23, 13, 11 ], [ 7, 21 ], [ 14 ] ]
7
gap> CyclotomicCosets(5,28); Length(last);
[ [ 0 ], [ 1, 5, 25, 13, 9, 17 ], [ 2, 10, 22, 26, 18, 6 ], 
  [ 3, 15, 19, 11, 27, 23 ], [ 4, 20, 16, 24, 8, 12 ], [ 7 ], [ 14 ], [ 21 ] ]
8
gap> CyclotomicCosets(2,29); Length(last);
[ [ 0 ], [ 1, 2, 4, 8, 16, 3, 6, 12, 24, 19, 9, 18, 7, 14, 28, 27, 25, 21, 
      13, 26, 23, 17, 5, 10, 20, 11, 22, 15 ] ]
2
gap> CyclotomicCosets(3,29); Length(last);
[ [ 0 ], [ 1, 3, 9, 27, 23, 11, 4, 12, 7, 21, 5, 15, 16, 19, 28, 26, 20, 2, 
      6, 18, 25, 17, 22, 8, 24, 14, 13, 10 ] ]
2
gap> CyclotomicCosets(4,29); Length(last);
[ [ 0 ], [ 1, 4, 16, 6, 24, 9, 7, 28, 25, 13, 23, 5, 20, 22 ], 
  [ 2, 8, 3, 12, 19, 18, 14, 27, 21, 26, 17, 10, 11, 15 ] ]
3
gap> CyclotomicCosets(5,29); Length(last);
[ [ 0 ], [ 1, 5, 25, 9, 16, 22, 23, 28, 24, 4, 20, 13, 7, 6 ], 
  [ 2, 10, 21, 18, 3, 15, 17, 27, 19, 8, 11, 26, 14, 12 ] ]
3
gap> CyclotomicCosets(2,31); Length(last);
[ [ 0 ], [ 1, 2, 4, 8, 16 ], [ 3, 6, 12, 24, 17 ], [ 5, 10, 20, 9, 18 ], 
  [ 7, 14, 28, 25, 19 ], [ 11, 22, 13, 26, 21 ], [ 15, 30, 29, 27, 23 ] ]
7
gap> CyclotomicCosets(2,31); Length(last);
[ [ 0 ], [ 1, 2, 4, 8, 16 ], [ 3, 6, 12, 24, 17 ], [ 5, 10, 20, 9, 18 ], 
  [ 7, 14, 28, 25, 19 ], [ 11, 22, 13, 26, 21 ], [ 15, 30, 29, 27, 23 ] ]
7
gap> CyclotomicCosets(3,31); Length(last);
[ [ 0 ], [ 1, 3, 9, 27, 19, 26, 16, 17, 20, 29, 25, 13, 8, 24, 10, 30, 28, 
      22, 4, 12, 5, 15, 14, 11, 2, 6, 18, 23, 7, 21 ] ]
2
gap> CyclotomicCosets(4,31); Length(last);
[ [ 0 ], [ 1, 4, 16, 2, 8 ], [ 3, 12, 17, 6, 24 ], [ 5, 20, 18, 10, 9 ], 
  [ 7, 28, 19, 14, 25 ], [ 11, 13, 21, 22, 26 ], [ 15, 29, 23, 30, 27 ] ]
7
gap> CyclotomicCosets(5,31); Length(last);
[ [ 0 ], [ 1, 5, 25 ], [ 2, 10, 19 ], [ 3, 15, 13 ], [ 4, 20, 7 ], 
  [ 6, 30, 26 ], [ 8, 9, 14 ], [ 11, 24, 27 ], [ 12, 29, 21 ], 
  [ 16, 18, 28 ], [ 17, 23, 22 ] ]
11
gap> CyclotomicCosets(6,31); Length(last);
[ [ 0 ], [ 1, 6, 5, 30, 25, 26 ], [ 2, 12, 10, 29, 19, 21 ], 
  [ 3, 18, 15, 28, 13, 16 ], [ 4, 24, 20, 27, 7, 11 ], 
  [ 8, 17, 9, 23, 14, 22 ] ]
6
gap> CyclotomicCosets(7,31); Length(last);
[ [ 0 ], [ 1, 7, 18, 2, 14, 5, 4, 28, 10, 8, 25, 20, 16, 19, 9 ], 
  [ 3, 21, 23, 6, 11, 15, 12, 22, 30, 24, 13, 29, 17, 26, 27 ] ]
3
gap> CyclotomicCosets(5,32); Length(last);
[ [ 0 ], [ 1, 5, 25, 29, 17, 21, 9, 13 ], [ 2, 10, 18, 26 ], 
  [ 3, 15, 11, 23, 19, 31, 27, 7 ], [ 4, 20 ], [ 6, 30, 22, 14 ], [ 8 ], 
  [ 12, 28 ], [ 16 ], [ 24 ] ]
10
gap> CyclotomicCosets(2,33); Length(last);
[ [ 0 ], [ 1, 2, 4, 8, 16, 32, 31, 29, 25, 17 ], 
  [ 3, 6, 12, 24, 15, 30, 27, 21, 9, 18 ], 
  [ 5, 10, 20, 7, 14, 28, 23, 13, 26, 19 ], [ 11, 22 ] ]
5
gap> CyclotomicCosets(4,33); Length(last);
[ [ 0 ], [ 1, 4, 16, 31, 25 ], [ 2, 8, 32, 29, 17 ], [ 3, 12, 15, 27, 9 ], 
  [ 5, 20, 14, 23, 26 ], [ 6, 24, 30, 21, 18 ], [ 7, 28, 13, 19, 10 ], 
  [ 11 ], [ 22 ] ]
9
gap> CyclotomicCosets(5,33); Length(last);
[ [ 0 ], [ 1, 5, 25, 26, 31, 23, 16, 14, 4, 20 ], 
  [ 2, 10, 17, 19, 29, 13, 32, 28, 8, 7 ], [ 3, 15, 9, 12, 27 ], 
  [ 6, 30, 18, 24, 21 ], [ 11, 22 ] ]
6
gap> quit;
